python 3.12.14
MUJOCO_GL=egl
HF_HOME=/hpc/users/sharmh15/labhome/karnuz/vlamodel/storage/hf_home
HF_HUB_OFFLINE=1
LIBERO_CONFIG_PATH=/hpc/users/sharmh15/labhome/karnuz/vlamodel/storage/libero_config
CUDA_VISIBLE_DEVICES=0

== torch
torch 2.9.1+cu130 | cuda 13.0 | available True
device: NVIDIA A100-PCIE-40GB
bf16 4096^2 matmul x10: 0.484s

== torchcodec
Traceback (most recent call last):
  File "/sc/arion/projects/pejaverlab/users/sharmh15/karnuz/vlamodel/scripts/check_env.py", line 85, in <module>
    main()
  File "/sc/arion/projects/pejaverlab/users/sharmh15/karnuz/vlamodel/scripts/check_env.py", line 75, in main
    check_torchcodec()
  File "/sc/arion/projects/pejaverlab/users/sharmh15/karnuz/vlamodel/scripts/check_env.py", line 36, in check_torchcodec
    import torchcodec
  File "/sc/arion/work/sharmh15/test-env/envs/lerobot/lib/python3.12/site-packages/torchcodec/__init__.py", line 10, in <module>
    from . import decoders, samplers  # noqa
    ^^^^^^^^^^^^^^^^^^^^^^^^^^^^^^^^
  File "/sc/arion/work/sharmh15/test-env/envs/lerobot/lib/python3.12/site-packages/torchcodec/decoders/__init__.py", line 7, in <module>
    from .._core import AudioStreamMetadata, VideoStreamMetadata
  File "/sc/arion/work/sharmh15/test-env/envs/lerobot/lib/python3.12/site-packages/torchcodec/_core/__init__.py", line 8, in <module>
    from ._metadata import (
  File "/sc/arion/work/sharmh15/test-env/envs/lerobot/lib/python3.12/site-packages/torchcodec/_core/_metadata.py", line 16, in <module>
    from torchcodec._core.ops import (
  File "/sc/arion/work/sharmh15/test-env/envs/lerobot/lib/python3.12/site-packages/torchcodec/_core/ops.py", line 84, in <module>
    load_torchcodec_shared_libraries()
  File "/sc/arion/work/sharmh15/test-env/envs/lerobot/lib/python3.12/site-packages/torchcodec/_core/ops.py", line 69, in load_torchcodec_shared_libraries
    raise RuntimeError(
RuntimeError: Could not load libtorchcodec. Likely causes:
          1. FFmpeg is not properly installed in your environment. We support
             versions 4, 5, 6, and 7 on all platforms, and 8 on Mac and Linux.
          2. The PyTorch version (2.9.1+cu130) is not compatible with
             this version of TorchCodec. Refer to the version compatibility
             table:
             https://github.com/pytorch/torchcodec?tab=readme-ov-file#installing-torchcodec.
          3. Another runtime dependency; see exceptions below.
        The following exceptions were raised as we tried to load libtorchcodec:
        
[start of libtorchcodec loading traceback]
FFmpeg version 8: Could not load this library: /sc/arion/work/sharmh15/test-env/envs/lerobot/lib/python3.12/site-packages/torchcodec/libtorchcodec_core8.so
FFmpeg version 7: Could not load this library: /sc/arion/work/sharmh15/test-env/envs/lerobot/lib/python3.12/site-packages/torchcodec/libtorchcodec_core7.so
FFmpeg version 6: Could not load this library: /sc/arion/work/sharmh15/test-env/envs/lerobot/lib/python3.12/site-packages/torchcodec/libtorchcodec_core6.so
FFmpeg version 5: Could not load this library: /sc/arion/work/sharmh15/test-env/envs/lerobot/lib/python3.12/site-packages/torchcodec/libtorchcodec_core5.so
FFmpeg version 4: Could not load this library: /sc/arion/work/sharmh15/test-env/envs/lerobot/lib/python3.12/site-packages/torchcodec/libtorchcodec_core4.so
[end of libtorchcodec loading traceback].
