Sender: LSF System <lsfadmin@lg07c04>
Subject: Job 271646131: <check_env_20260929_095147> in cluster <chimera> Done

Job <check_env_20260929_095147> was submitted from host <li04e02> by user <sharmh15> in cluster <chimera> at Tue Sep 29 09:51:48 2026
Job was executed on host(s) <lg07c04>, in queue <gpu>, as user <sharmh15> in cluster <chimera> at Tue Sep 29 09:51:51 2026
</hpc/users/sharmh15> was used as the home directory.
</hpc/users/sharmh15/labhome/karnuz/vlamodel> was used as the working directory.
Started at Tue Sep 29 09:51:51 2026
Terminated at Tue Sep 29 09:52:28 2026
Results reported at Tue Sep 29 09:52:28 2026

Your job looked like:

------------------------------------------------------------
# LSBATCH: User input
/hpc/users/sharmh15/labhome/karnuz/vlamodel/lsf/job_wrapper.sh /hpc/users/sharmh15/labhome/karnuz/vlamodel/runs/check_env_20260929_095147 /sc/arion/projects/pejaverlab/users/sharmh15/karnuz/vlamodel/jobs/check_env.sh
------------------------------------------------------------

Successfully completed.

Resource usage summary:

    CPU time :                                   22.00 sec.
    Max Memory :                                 2345 MB
    Average Memory :                             1273.90 MB
    Total Requested Memory :                     64000.00 MB
    Delta Memory :                               61655.00 MB
    Max Swap :                                   -
    Max Processes :                              6
    Max Threads :                                35
    Run time :                                   37 sec.
    Turnaround time :                            40 sec.

The output (if any) follows:

== host lg07c04  job 271646131  start 2026-09-29T09:51:53-04:00
NVIDIA A100-PCIE-40GB, 40960 MiB, 580.126.09
== running: /sc/arion/projects/pejaverlab/users/sharmh15/karnuz/vlamodel/jobs/check_env.sh 
python 3.12.14
MUJOCO_GL=egl
HF_HOME=/hpc/users/sharmh15/labhome/karnuz/vlamodel/storage/hf_home
HF_HUB_OFFLINE=1
LIBERO_CONFIG_PATH=/hpc/users/sharmh15/labhome/karnuz/vlamodel/storage/libero_config
CUDA_VISIBLE_DEVICES=0

== torch
torch 2.9.1+cu130 | cuda 13.0 | available True
device: NVIDIA A100-PCIE-40GB
bf16 4096^2 matmul x10: 0.253s

== torchcodec
torchcodec 0.8.1

== LIBERO render (EGL)
[robosuite WARNING] No private macro file found! (__init__.py:7)
[robosuite WARNING] It is recommended to use a private macro file (__init__.py:8)
[robosuite WARNING] To setup, run: python /sc/arion/work/sharmh15/test-env/envs/lerobot/lib/python3.12/site-packages/robosuite/scripts/setup_macros.py (__init__.py:9)
[info] using task orders [0, 1, 2, 3, 4, 5, 6, 7, 8, 9]
task: pick up the black bowl between the plate and the ramekin and place it on the plate
agentview_image (256, 256, 3) uint8 mean pixel 119.72769165039062
saved /hpc/users/sharmh15/labhome/karnuz/vlamodel/runs/check_env_20260929_095147/libero_render.png

== lerobot
lerobot 0.6.1

ALL CHECKS PASSED
== finished with exit code 0 at 2026-09-29T09:52:28-04:00
